Processing /mnt/data/recode-useful-tools-3.2.0.jar (use silent to silence)
Processing recode.usefultools.latest.Recodeusefultools
Processing recode.usefultools.latest.Modules.BaseModule
Processing recode.usefultools.latest.Modules.Category
Processing recode.usefultools.latest.Modules.ModuleHeader
Processing recode.usefultools.latest.Modules.ModuleManager
Processing recode.usefultools.latest.Modules.Combat.AntiBot.AntiBot
Processing recode.usefultools.latest.Modules.Combat.AntiBot.AntiBot_h
Processing recode.usefultools.latest.Modules.Combat.KillAura.KillAura
Processing recode.usefultools.latest.Modules.Combat.KillAura.KillAura_h
Processing recode.usefultools.latest.Modules.Misc.AngleFix.AngleFix
Processing recode.usefultools.latest.Modules.Misc.AngleFix.AngleFix_h
Processing recode.usefultools.latest.Modules.Misc.BindBlocker.BindBlocker
Processing recode.usefultools.latest.Modules.Misc.BindBlocker.BindBlocker_h
Processing recode.usefultools.latest.Modules.Misc.Disabler.Disabler
Processing recode.usefultools.latest.Modules.Misc.Disabler.Disabler_h
Processing recode.usefultools.latest.Modules.Misc.RotationManager.RotationManager
Processing recode.usefultools.latest.Modules.Misc.RotationManager.RotationManager_h
Processing recode.usefultools.latest.Modules.Misc.ServerRotation.ServerRotation
Processing recode.usefultools.latest.Modules.Misc.ServerRotation.ServerRotation_h
Processing recode.usefultools.latest.Modules.Misc.ShotbowNexSound.ShotbowNexSound
Processing recode.usefultools.latest.Modules.Misc.ShotbowNexSound.ShotbowNexSound_h
Processing recode.usefultools.latest.Modules.Misc.StaffDetector.StaffDetector
Processing recode.usefultools.latest.Modules.Misc.StaffDetector.StaffDetector_h
Processing recode.usefultools.latest.Modules.Misc.ToggleSound.ToggleSound
Processing recode.usefultools.latest.Modules.Misc.ToggleSound.ToggleSound_h
Processing recode.usefultools.latest.Modules.Movement.Fly.Fly
Processing recode.usefultools.latest.Modules.Movement.Fly.Fly_h
Processing recode.usefultools.latest.Modules.Movement.Jesus.Jesus
Processing recode.usefultools.latest.Modules.Movement.Jesus.Jesus_h
Processing recode.usefultools.latest.Modules.Movement.NoJumpDelay.NoJumpDelay
Processing recode.usefultools.latest.Modules.Movement.NoJumpDelay.NoJumpDelay_h
Processing recode.usefultools.latest.Modules.Movement.Speed.Speed
Processing recode.usefultools.latest.Modules.Movement.Speed.Speed_h
Processing recode.usefultools.latest.Modules.Movement.Sprint.Sprint
Processing recode.usefultools.latest.Modules.Movement.Sprint.Sprint_h
Processing recode.usefultools.latest.Modules.Movement.Velocity.Velocity
Processing recode.usefultools.latest.Modules.Movement.Velocity.Velocity_h
Processing recode.usefultools.latest.Modules.Player.CivBreak.CivBreak
Processing recode.usefultools.latest.Modules.Player.CivBreak.CivBreak_h
Processing recode.usefultools.latest.Modules.Player.FastBreak.FastBreak
Processing recode.usefultools.latest.Modules.Player.FastBreak.FastBreak_h
Processing recode.usefultools.latest.Modules.Player.Fucker.Fucker
Processing recode.usefultools.latest.Modules.Player.Fucker.Fucker_h
Processing recode.usefultools.latest.Modules.Player.Regen.Regen
Processing recode.usefultools.latest.Modules.Player.Regen.Regen_h
Processing recode.usefultools.latest.Modules.Player.Scaffold.Scaffold
Processing recode.usefultools.latest.Modules.Player.Scaffold.Scaffold_h
Processing recode.usefultools.latest.Modules.Player.Timer.Timer
Processing recode.usefultools.latest.Modules.Player.Timer.Timer_h
Processing recode.usefultools.latest.Modules.Visual.Animations.Animations
Processing recode.usefultools.latest.Modules.Visual.Animations.Animations_h
Processing recode.usefultools.latest.Modules.Visual.ArrayList.ArrayLists
Processing recode.usefultools.latest.Modules.Visual.ArrayList.ArrayLists_h
Processing recode.usefultools.latest.Modules.Visual.BlockESP.BlockESP
Processing recode.usefultools.latest.Modules.Visual.BlockESP.BlockESP_h
Processing recode.usefultools.latest.Modules.Visual.ClickGui.ClickGui
Processing recode.usefultools.latest.Modules.Visual.ClickGui.ClickGui_h
Processing recode.usefultools.latest.Modules.Visual.HurtCam.HurtCam
Processing recode.usefultools.latest.Modules.Visual.HurtCam.HurtCam_h
Processing recode.usefultools.latest.Modules.Visual.Interface.Interface
Processing recode.usefultools.latest.Modules.Visual.Interface.Interface_h
Processing recode.usefultools.latest.Modules.Visual.LevelInfo.LevelInfo
Processing recode.usefultools.latest.Modules.Visual.LevelInfo.LevelInfo_h
Processing recode.usefultools.latest.Modules.Visual.Nametags.Nametags
Processing recode.usefultools.latest.Modules.Visual.Nametags.Nametags_h
Processing recode.usefultools.latest.Modules.Visual.Watermark.Watermark
Processing recode.usefultools.latest.Modules.Visual.Watermark.Watermark_h
Processing recode.usefultools.latest.mixin.AnimationsPacketMixin
Processing recode.usefultools.latest.mixin.AuraSwingMixin
Processing recode.usefultools.latest.mixin.BlurMixin
Processing recode.usefultools.latest.mixin.ChatCommandMixin
Processing recode.usefultools.latest.mixin.ClientLevelMixin
Processing recode.usefultools.latest.mixin.ClientboundSoundPacketAccessor
Processing recode.usefultools.latest.mixin.ClientboundSoundPacketMixin
Processing recode.usefultools.latest.mixin.DeltaTrackerTimerMixin
Processing recode.usefultools.latest.mixin.DisablerMixin
Processing recode.usefultools.latest.mixin.DisablerVelocityMixin
Processing recode.usefultools.latest.mixin.EntityAccessor
Processing recode.usefultools.latest.mixin.HurtCamMixin
Processing recode.usefultools.latest.mixin.ImGuiMixin
Processing recode.usefultools.latest.mixin.ItemInHandRendererMixin
Processing recode.usefultools.latest.mixin.KeyboardMixin
Processing recode.usefultools.latest.mixin.LivingEntityAccessor
Processing recode.usefultools.latest.mixin.LivingEntityMixin
Processing recode.usefultools.latest.mixin.LocalPlayerMixin
Processing recode.usefultools.latest.mixin.MinecraftAccessor
Processing recode.usefultools.latest.mixin.ModernDropdown
Processing recode.usefultools.latest.mixin.MouseHandlerAccessor
Processing recode.usefultools.latest.mixin.MouseMixin
Processing recode.usefultools.latest.mixin.MultiPlayerGameModeAccessor
Processing recode.usefultools.latest.mixin.MultiPlayerGameModeMixin
Processing recode.usefultools.latest.mixin.PlayerDestroySpeedMixin
Processing recode.usefultools.latest.mixin.PlayerEntityRendererMixin
Processing recode.usefultools.latest.mixin.PlayerRenderMixin
Processing recode.usefultools.latest.mixin.PlayerTabOverlayAccessor
Processing recode.usefultools.latest.mixin.VelocityMixin
Processing recode.usefultools.latest.mixin.WindowAccessor
Processing recode.usefultools.latest.mixin.WindowMixin
Processing recode.usefultools.latest.setting.BoolSetting
Processing recode.usefultools.latest.setting.ColorSetting
Processing recode.usefultools.latest.setting.EnumSetting
Processing recode.usefultools.latest.setting.ListSetting
Processing recode.usefultools.latest.setting.NumberSetting
Processing recode.usefultools.latest.setting.Setting
Processing recode.usefultools.latest.utils.AccountManager
Processing recode.usefultools.latest.utils.BlurRenderer
Processing recode.usefultools.latest.utils.CommandManager
Processing recode.usefultools.latest.utils.ConfigManager
Processing recode.usefultools.latest.utils.ImGuiEngine
Processing recode.usefultools.latest.utils.MathUtils
Processing recode.usefultools.latest.utils.SDFRenderer
Processing recode.usefultools.latest.utils.SmoothRenderer
