Log("Resource packs link: C:\\Users\\pamip\\AppData\\Roaming\\.flaxclient\\resourcepacks")
Log("Using local FlaxClient jar: C:\\Users\\pamip\\OneDrive\\ドキュメント\\FlaxClient\\FlaxClientLauncher\\..\\build\\libs\\FlaxClient-Release.jar")
Progress { label: "Library: com.mojang:netty:1.8.8", current: 1, total: 38 }
Progress { label: "Library: oshi-project:oshi-core:1.1", current: 2, total: 38 }
Progress { label: "Library: net.java.dev.jna:jna:3.4.0", current: 3, total: 38 }
Progress { label: "Library: net.java.dev.jna:platform:3.4.0", current: 4, total: 38 }
Progress { label: "Library: com.ibm.icu:icu4j-core-mojang:51.2", current: 5, total: 38 }
Progress { label: "Library: net.sf.jopt-simple:jopt-simple:4.6", current: 6, total: 38 }
Progress { label: "Library: com.paulscode:codecjorbis:20101023", current: 7, total: 38 }
Progress { label: "Library: com.paulscode:codecwav:20101023", current: 8, total: 38 }
Progress { label: "Library: com.paulscode:libraryjavasound:20101123", current: 9, total: 38 }
Progress { label: "Library: com.paulscode:librarylwjglopenal:20100824", current: 10, total: 38 }
Progress { label: "Library: com.paulscode:soundsystem:20120107", current: 11, total: 38 }
Progress { label: "Library: io.netty:netty-all:4.0.23.Final", current: 12, total: 38 }
Progress { label: "Library: com.google.guava:guava:17.0", current: 13, total: 38 }
Progress { label: "Library: org.apache.commons:commons-lang3:3.3.2", current: 14, total: 38 }
Progress { label: "Library: commons-io:commons-io:2.4", current: 15, total: 38 }
Progress { label: "Library: commons-codec:commons-codec:1.9", current: 16, total: 38 }
Progress { label: "Library: net.java.jinput:jinput:2.0.5", current: 17, total: 38 }
Progress { label: "Library: net.java.jutils:jutils:1.0.0", current: 18, total: 38 }
Progress { label: "Library: com.google.code.gson:gson:2.2.4", current: 19, total: 38 }
Progress { label: "Library: com.mojang:authlib:1.5.21", current: 20, total: 38 }
Progress { label: "Library: com.mojang:realms:1.7.59", current: 21, total: 38 }
Progress { label: "Library: org.apache.commons:commons-compress:1.8.1", current: 22, total: 38 }
Progress { label: "Library: org.apache.httpcomponents:httpclient:4.3.3", current: 23, total: 38 }
Progress { label: "Library: commons-logging:commons-logging:1.1.3", current: 24, total: 38 }
Progress { label: "Library: org.apache.httpcomponents:httpcore:4.3.2", current: 25, total: 38 }
Progress { label: "Library: org.apache.logging.log4j:log4j-api:2.0-beta9", current: 26, total: 38 }
Progress { label: "Library: org.apache.logging.log4j:log4j-core:2.0-beta9", current: 27, total: 38 }
Progress { label: "Library: org.lwjgl.lwjgl:lwjgl:2.9.4-nightly-20150209", current: 28, total: 38 }
Progress { label: "Library: org.lwjgl.lwjgl:lwjgl_util:2.9.4-nightly-20150209", current: 29, total: 38 }
Progress { label: "Library: org.lwjgl.lwjgl:lwjgl-platform:2.9.4-nightly-20150209", current: 30, total: 38 }
Log("Extracted natives for org.lwjgl.lwjgl:lwjgl-platform:2.9.4-nightly-20150209.")
Progress { label: "Library: net.java.jinput:jinput-platform:2.0.5", current: 31, total: 38 }
Log("Extracted natives for net.java.jinput:jinput-platform:2.0.5.")
Progress { label: "Library: tv.twitch:twitch:6.5", current: 32, total: 38 }
Progress { label: "Library: tv.twitch:twitch-platform:6.5", current: 33, total: 38 }
Log("Extracted natives for tv.twitch:twitch-platform:6.5.")
Progress { label: "Library: tv.twitch:twitch-external-platform:4.5", current: 34, total: 38 }
Log("Extracted natives for tv.twitch:twitch-external-platform:4.5.")
Progress { label: "Library: me.eldodebug:FlaxClient:Release", current: 35, total: 38 }
Progress { label: "Library: me.eldodebug:Optifine:Release", current: 36, total: 38 }
Progress { label: "Library: net.minecraft:launchwrapper:1.12", current: 37, total: 38 }
Progress { label: "Library: org.ow2.asm:asm-all:5.0.3", current: 38, total: 38 }
Progress { label: "Syncing assets", current: 1, total: 734 }
Progress { label: "Syncing assets", current: 26, total: 734 }
Progress { label: "Syncing assets", current: 51, total: 734 }
Progress { label: "Syncing assets", current: 76, total: 734 }
Progress { label: "Syncing assets", current: 101, total: 734 }
Progress { label: "Syncing assets", current: 126, total: 734 }
Progress { label: "Syncing assets", current: 151, total: 734 }
Progress { label: "Syncing assets", current: 176, total: 734 }
Progress { label: "Syncing assets", current: 201, total: 734 }
Progress { label: "Syncing assets", current: 226, total: 734 }
Progress { label: "Syncing assets", current: 251, total: 734 }
Progress { label: "Syncing assets", current: 276, total: 734 }
Progress { label: "Syncing assets", current: 301, total: 734 }
Progress { label: "Syncing assets", current: 326, total: 734 }
Progress { label: "Syncing assets", current: 351, total: 734 }
Progress { label: "Syncing assets", current: 376, total: 734 }
Progress { label: "Syncing assets", current: 401, total: 734 }
Progress { label: "Syncing assets", current: 426, total: 734 }
Progress { label: "Syncing assets", current: 451, total: 734 }
Progress { label: "Syncing assets", current: 476, total: 734 }
Progress { label: "Syncing assets", current: 501, total: 734 }
Progress { label: "Syncing assets", current: 526, total: 734 }
Progress { label: "Syncing assets", current: 551, total: 734 }
Progress { label: "Syncing assets", current: 576, total: 734 }
Progress { label: "Syncing assets", current: 601, total: 734 }
Progress { label: "Syncing assets", current: 626, total: 734 }
Progress { label: "Syncing assets", current: 651, total: 734 }
Progress { label: "Syncing assets", current: 676, total: 734 }
Progress { label: "Syncing assets", current: 701, total: 734 }
Progress { label: "Syncing assets", current: 726, total: 734 }
Progress { label: "Syncing assets", current: 734, total: 734 }
Finished("Prepare complete.")
